// Vitest Snapshot v1, https://vitest.dev/guide/snapshot.html

exports[`tax-engine · determinismo e snapshot > snapshot dos resultados 1`] = `
{
  "ambito": "interna",
  "destino": "consumidor_final",
  "errors": [],
  "itens": [
    {
      "cofins": {
        "aliquota": 0,
        "baseCalculo": 0,
        "codigo": "49",
        "situacao": "nao_destacado",
        "valor": 0,
      },
      "desconto": 0,
      "frete": 5.78,
      "icms": {
        "aliquota": 0,
        "baseCalculo": 0,
        "codigo": "102",
        "pCredSN": 0,
        "situacao": "nao_destacado",
        "valor": 0,
        "valorCreditoSimples": 0,
      },
      "id": null,
      "index": 1,
      "outrasDespesas": 0,
      "pis": {
        "aliquota": 0,
        "baseCalculo": 0,
        "codigo": "49",
        "situacao": "nao_destacado",
        "valor": 0,
      },
      "quantidade": 3,
      "seguro": 0.96,
      "tributosDestacados": 0,
      "valorAproximadoTributos": 5.65,
      "valorBruto": 59.7,
      "valorLiquido": 59.7,
      "valorTributavel": 66.44,
      "valorUnitario": 19.9,
      "warnings": [
        "ICMS não destacado (Simples Nacional — recolhido no DAS).",
      ],
    },
    {
      "cofins": {
        "aliquota": 0,
        "baseCalculo": 0,
        "codigo": "49",
        "situacao": "nao_destacado",
        "valor": 0,
      },
      "desconto": 12.5,
      "frete": 24.22,
      "icms": {
        "aliquota": 0,
        "baseCalculo": 0,
        "codigo": "101",
        "pCredSN": 2.3,
        "situacao": "com_credito_simples",
        "valor": 0,
        "valorCreditoSimples": 6.11,
      },
      "id": null,
      "index": 2,
      "outrasDespesas": 0,
      "pis": {
        "aliquota": 0,
        "baseCalculo": 0,
        "codigo": "49",
        "situacao": "nao_destacado",
        "valor": 0,
      },
      "quantidade": 1,
      "seguro": 4.04,
      "tributosDestacados": 0,
      "valorAproximadoTributos": 0,
      "valorBruto": 250,
      "valorLiquido": 237.5,
      "valorTributavel": 265.76,
      "valorUnitario": 250,
      "warnings": [],
    },
  ],
  "meta": {
    "engineVersion": "1.0.0",
    "rounding": {
      "mode": "half_away_from_zero",
      "money": 2,
      "rate": 4,
    },
    "semDestaque": true,
  },
  "ok": true,
  "regime": "SIMPLES_NACIONAL",
  "totais": {
    "baseCalculoIcms": 0,
    "valorAproximadoTributos": 5.65,
    "valorCofins": 0,
    "valorDesconto": 12.5,
    "valorFrete": 30,
    "valorIcms": 0,
    "valorOutrasDespesas": 0,
    "valorPis": 0,
    "valorProdutos": 309.7,
    "valorSeguro": 5,
    "valorTotalNota": 332.2,
    "valorTotalTributos": 0,
  },
  "warnings": [],
}
`;
